
[1m[46m RUN [49m[22m [36mv4.0.18 [39m[90mC:/Users/Administrator/Core-Engine[39m

 [31m???[39m dist/src/modules/auth/auth-time.util.spec.js [2m([22m[2m0 test[22m[2m)[22m
 [31m???[39m dist/src/server/app.module.spec.js [2m([22m[2m0 test[22m[2m)[22m
 [32m???[39m src/modules/auth/auth-time.util.spec.ts [2m([22m[2m5 tests[22m[2m)[22m[32m 5[2mms[22m[39m
 [31m???[39m src/modules/auth/auth.service.spec.ts [2m([22m[2m0 test[22m[2m)[22m
 [31m???[39m dist/src/modules/auth/auth.service.spec.js [2m([22m[2m0 test[22m[2m)[22m
 [31m???[39m src/server/app.module.spec.ts [2m([22m[2m0 test[22m[2m)[22m

[2m Test Files [22m [1m[31m5 failed[39m[22m[2m | [22m[1m[32m1 passed[39m[22m[90m (6)[39m
[2m      Tests [22m [1m[32m5 passed[39m[22m[90m (5)[39m
[2m   Start at [22m 21:27:54
[2m   Duration [22m 925ms[2m (transform 367ms, setup 0ms, import 69ms, tests 5ms, environment 1ms)[22m

